nohup: ignoring input
Traceback (most recent call last):
  File "/home/rss/time_tablev2_mD_SERVER/.venv/bin/uvicorn", line 8, in <module>
    sys.exit(main())
  File "/home/rss/time_tablev2_mD_SERVER/.venv/lib/python3.10/site-packages/click/core.py", line 1569, in __call__
    return self.main(*args, **kwargs)
  File "/home/rss/time_tablev2_mD_SERVER/.venv/lib/python3.10/site-packages/click/core.py", line 1490, in main
    rv = self.invoke(ctx)
  File "/home/rss/time_tablev2_mD_SERVER/.venv/lib/python3.10/site-packages/click/core.py", line 1353, in invoke
    return ctx.invoke(self.callback, **ctx.params)
  File "/home/rss/time_tablev2_mD_SERVER/.venv/lib/python3.10/site-packages/click/core.py", line 907, in invoke
    return callback(*args, **kwargs)
  File "/home/rss/time_tablev2_mD_SERVER/.venv/lib/python3.10/site-packages/uvicorn/main.py", line 440, in main
    run(
  File "/home/rss/time_tablev2_mD_SERVER/.venv/lib/python3.10/site-packages/uvicorn/main.py", line 609, in run
    config.load_app()
  File "/home/rss/time_tablev2_mD_SERVER/.venv/lib/python3.10/site-packages/uvicorn/config.py", line 427, in load_app
    return import_from_string(self.app)
  File "/home/rss/time_tablev2_mD_SERVER/.venv/lib/python3.10/site-packages/uvicorn/importer.py", line 22, in import_from_string
    raise exc from None
  File "/home/rss/time_tablev2_mD_SERVER/.venv/lib/python3.10/site-packages/uvicorn/importer.py", line 19, in import_from_string
    module = importlib.import_module(module_str)
  File "/usr/lib/python3.10/importlib/__init__.py", line 126, in import_module
    return _bootstrap._gcd_import(name[level:], package, level)
  File "<frozen importlib._bootstrap>", line 1050, in _gcd_import
  File "<frozen importlib._bootstrap>", line 1027, in _find_and_load
  File "<frozen importlib._bootstrap>", line 992, in _find_and_load_unlocked
  File "<frozen importlib._bootstrap>", line 241, in _call_with_frames_removed
  File "<frozen importlib._bootstrap>", line 1050, in _gcd_import
  File "<frozen importlib._bootstrap>", line 1027, in _find_and_load
  File "<frozen importlib._bootstrap>", line 1004, in _find_and_load_unlocked
ModuleNotFoundError: No module named 'app'
